// Jest Snapshot v1, https://goo.gl/fbAQLP

exports[`LoginPage Renders correctly 1`] = `
<View
  style={
    Object {
      "alignItems": "center",
      "backgroundColor": "#2A9D8F",
      "borderRadius": 10,
      "borderWidth": 5,
      "flex": 1,
      "justifyContent": "center",
    }
  }
>
  <View
    accessible={true}
    collapsable={false}
    focusable={true}
    onBlur={[Function]}
    onClick={[Function]}
    onFocus={[Function]}
    onResponderGrant={[Function]}
    onResponderMove={[Function]}
    onResponderRelease={[Function]}
    onResponderTerminate={[Function]}
    onResponderTerminationRequest={[Function]}
    onStartShouldSetResponder={[Function]}
    title="Login"
  >
    <Text
      style={
        Object {
          "color": "white",
          "fontSize": 25,
          "fontWeight": "bold",
        }
      }
    >
      Logga in
    </Text>
  </View>
</View>
`;
